=== Trial: Pk_kids_7p ===
Building targets and likelihoods...
  target[0]: KiDS-Legacy nz3 -> PmLikelihood
Free parameters (7):
  $\kappa_\text{w}$              init=3.0000 range=[2.0000, 4.0000]
  $e_\text{w}$                   init=0.6000 range=[0.2000, 1.0000]
  $M_\text{seed}/10^{6}$         init=1.3000 range=[0.6000, 2.0000]
  $v_\text{kin}/10^{4}$          init=0.6500 range=[0.1000, 1.2000]
  $\epsilon_\text{kin}/10^{1}$   init=0.6100 range=[0.0200, 1.2000]
  $\Omega_\text{m}$              init=0.1375 range=[0.1200, 0.1550]
  $\sigma_8$                     init=0.8000 range=[0.7000, 0.9000]
Fixed parameters: {}

ln_prob at init point: -139.7879

MCMC: ndim=7, nwalkers=400, nburn=500, nrun=4000
time (minutes): 19.952404709657035
Burn-in phase
time (minutes): 157.11383670171102
Sampling phase

=== Results saved ===
  /home/nramachandra/Projects/Hydro_runs/CosmoHydro/Inference_cosmo/results/samples_Pk_kids_7p.npy
  mean acceptance fraction: 0.333
mcmc results: 2.7570601084068795 0.5427953569242173 1.3429366730628682 0.7179096465887441 0.7283973402065593 0.13478953051057063 0.8126236165941064

MCMC medians:
  $\kappa_\text{w}$              = 2.7571
  $e_\text{w}$                   = 0.5428
  $M_\text{seed}/10^{6}$         = 1.3429
  $v_\text{kin}/10^{4}$          = 0.7179
  $\epsilon_\text{kin}/10^{1}$   = 0.7284
  $\Omega_\text{m}$              = 0.1348
  $\sigma_8$                     = 0.8126
