=== Trial: GSMF_CGD_Pk_5p_fid_cosmo_cal2 ===
Building targets and likelihoods...
  target[0]: KiDS-Legacy nz3 -> PmLikelihood
    [gsmf_cgd_target] GSMF yerr -> 10^phi space (x ln10*10^phi)
    [gsmf_cgd_target] GSMF: 7 obs points, model x_grid (16,)  [+emu variance]
  target[1]: GSMF -> ObsLikelihood
    [gsmf_cgd_target] CGD yerr -> inter-survey (McD17/X-COP/eROSITA) + err-on-mean, frac 0.050-0.260
    [gsmf_cgd_target] CGD: 8 obs points, model x_grid (19,)  [+emu variance]
  target[2]: CGD -> ObsLikelihood
Free parameters (5):
  $\kappa_\text{w}$              init=3.0000 range=[2.0000, 4.0000]
  $e_\text{w}$                   init=0.6000 range=[0.2000, 1.0000]
  $M_\text{seed}/10^{6}$         init=1.3000 range=[0.6000, 2.0000]
  $v_\text{kin}/10^{4}$          init=0.6500 range=[0.1000, 1.2000]
  $\epsilon_\text{kin}/10^{1}$   init=0.6100 range=[0.0200, 1.2000]
Fixed parameters: {'$\\Omega_\\text{m}$': 0.14176, '$\\sigma_8$': 0.8102}

ln_prob at init point: -142.2782

MCMC: ndim=5, nwalkers=400, nburn=500, nrun=4000
time (minutes): 18.567395202318828
Burn-in phase
time (minutes): 141.18870424429576
Sampling phase

=== Results saved ===
  /home/nramachandra/Projects/Hydro_runs/CosmoHydro/Inference_cosmo/results/samples_GSMF_CGD_Pk_5p_fid_cosmo_cal2.npy
  mean acceptance fraction: 0.319
mcmc results: 2.3686456213141978 0.49229225993794284 0.729626068889023 0.827928538486699 0.7645886485469564

MCMC medians:
  $\kappa_\text{w}$              = 2.3686
  $e_\text{w}$                   = 0.4923
  $M_\text{seed}/10^{6}$         = 0.7296
  $v_\text{kin}/10^{4}$          = 0.8279
  $\epsilon_\text{kin}/10^{1}$   = 0.7646
