=== Trial: GSMF_CGD_Pk_7p ===
Building targets and likelihoods...
  target[0]: KiDS-Legacy nz3 -> PmLikelihood
    [gsmf_cgd_target] GSMF: 7 obs points, model x_grid (16,)
  target[1]: GSMF -> ObsLikelihood
    [gsmf_cgd_target] CGD: 8 obs points, model x_grid (19,)
  target[2]: CGD -> ObsLikelihood
Free parameters (7):
  $\kappa_\text{w}$              init=3.0000 range=[2.0000, 4.0000]
  $e_\text{w}$                   init=0.6000 range=[0.2000, 1.0000]
  $M_\text{seed}/10^{6}$         init=1.3000 range=[0.6000, 2.0000]
  $v_\text{kin}/10^{4}$          init=0.6500 range=[0.1000, 1.2000]
  $\epsilon_\text{kin}/10^{1}$   init=0.6100 range=[0.0200, 1.2000]
  $\Omega_\text{m}$              init=0.1375 range=[0.1200, 0.1550]
  $\sigma_8$                     init=0.8000 range=[0.7000, 0.9000]
Fixed parameters: {}

ln_prob at init point: -496.4156

MCMC: ndim=7, nwalkers=400, nburn=500, nrun=4000
time (minutes): 31.38867607116699
Burn-in phase
time (minutes): 257.4227353334427
Sampling phase

=== Results saved ===
  /home/nramachandra/Projects/Hydro_runs/CosmoHydro/Inference_cosmo/results/samples_GSMF_CGD_Pk_7p.npy
  mean acceptance fraction: 0.415
mcmc results: 3.2671212232597595 0.553377283913526 1.1856507223981647 0.7043591510178455 0.22386448139681714 0.15461536203855974 0.8188379036961058

MCMC medians:
  $\kappa_\text{w}$              = 3.2671
  $e_\text{w}$                   = 0.5534
  $M_\text{seed}/10^{6}$         = 1.1857
  $v_\text{kin}/10^{4}$          = 0.7044
  $\epsilon_\text{kin}/10^{1}$   = 0.2239
  $\Omega_\text{m}$              = 0.1546
  $\sigma_8$                     = 0.8188
