=== Trial: GSMF_CGD_Pk_5p_fid_cosmo_cal ===
Building targets and likelihoods...
  target[0]: KiDS-Legacy nz3 -> PmLikelihood
    [gsmf_cgd_target] GSMF yerr -> 10^phi space (x ln10*10^phi)
    [gsmf_cgd_target] GSMF: 7 obs points, model x_grid (16,)  [+emu variance]
  target[1]: GSMF -> ObsLikelihood
    [gsmf_cgd_target] CGD yerr -> Ghirardini+19 radius-dependent (frac 0.17-0.90)
    [gsmf_cgd_target] CGD: 8 obs points, model x_grid (19,)  [+emu variance]
  target[2]: CGD -> ObsLikelihood
Free parameters (5):
  $\kappa_\text{w}$              init=3.0000 range=[2.0000, 4.0000]
  $e_\text{w}$                   init=0.6000 range=[0.2000, 1.0000]
  $M_\text{seed}/10^{6}$         init=1.3000 range=[0.6000, 2.0000]
  $v_\text{kin}/10^{4}$          init=0.6500 range=[0.1000, 1.2000]
  $\epsilon_\text{kin}/10^{1}$   init=0.6100 range=[0.0200, 1.2000]
Fixed parameters: {'$\\Omega_\\text{m}$': 0.14176, '$\\sigma_8$': 0.8102}

ln_prob at init point: -133.0952

MCMC: ndim=5, nwalkers=400, nburn=500, nrun=4000
time (minutes): 29.806028445561726
Burn-in phase
time (minutes): 224.09297100305557
Sampling phase

=== Results saved ===
  /home/nramachandra/Projects/Hydro_runs/CosmoHydro/Inference_cosmo/results/samples_GSMF_CGD_Pk_5p_fid_cosmo_cal.npy
  mean acceptance fraction: 0.395
mcmc results: 2.8287649139518725 0.5125373711887886 1.0052221589660426 0.8568379263280976 0.7114668149875218

MCMC medians:
  $\kappa_\text{w}$              = 2.8288
  $e_\text{w}$                   = 0.5125
  $M_\text{seed}/10^{6}$         = 1.0052
  $v_\text{kin}/10^{4}$          = 0.8568
  $\epsilon_\text{kin}/10^{1}$   = 0.7115
