=== GSMF_CGD_Pk_7p_cal started Fri Aug  7 13:09:19 CDT 2026 (NWORKERS=8) ===
=== Trial: GSMF_CGD_Pk_7p_cal ===
Building targets and likelihoods...
  target[0]: KiDS-Legacy nz3 -> PmLikelihood
    [gsmf_cgd_target] GSMF yerr -> 10^phi space (x ln10*10^phi)
    [gsmf_cgd_target] GSMF: 7 obs points, model x_grid (16,)  [+emu variance]
  target[1]: GSMF -> ObsLikelihood
    [gsmf_cgd_target] CGD yerr -> Ghirardini+19 radius-dependent (frac 0.17-0.90)
    [gsmf_cgd_target] CGD: 8 obs points, model x_grid (19,)  [+emu variance]
  target[2]: CGD -> ObsLikelihood
Free parameters (7):
  $\kappa_\text{w}$              init=3.0000 range=[2.0000, 4.0000]
  $e_\text{w}$                   init=0.6000 range=[0.2000, 1.0000]
  $M_\text{seed}/10^{6}$         init=1.3000 range=[0.6000, 2.0000]
  $v_\text{kin}/10^{4}$          init=0.6500 range=[0.1000, 1.2000]
  $\epsilon_\text{kin}/10^{1}$   init=0.6100 range=[0.0200, 1.2000]
  $\Omega_\text{m}$              init=0.1375 range=[0.1200, 0.1550]
  $\sigma_8$                     init=0.8000 range=[0.7000, 0.9000]
Fixed parameters: {}

ln_prob at init point: -142.6490

MCMC: ndim=7, nwalkers=400, nburn=500, nrun=4000
time (minutes): 27.50685398578644
Burn-in phase
time (minutes): 209.60857162078221
Sampling phase

=== Results saved ===
  /home/nramachandra/Projects/Hydro_runs/CosmoHydro/Inference_cosmo/results/samples_GSMF_CGD_Pk_7p_cal.npy
  mean acceptance fraction: 0.332
mcmc results: 2.8467762291123107 0.538799232350535 1.0045484038629868 0.8528153786568164 0.7083385770167963 0.14580080911136337 0.8233963233548134

MCMC medians:
  $\kappa_\text{w}$              = 2.8468
  $e_\text{w}$                   = 0.5388
  $M_\text{seed}/10^{6}$         = 1.0045
  $v_\text{kin}/10^{4}$          = 0.8528
  $\epsilon_\text{kin}/10^{1}$   = 0.7083
  $\Omega_\text{m}$              = 0.1458
  $\sigma_8$                     = 0.8234
=== GSMF_CGD_Pk_7p_cal done Fri Aug  7 17:06:40 CDT 2026 ===
