=== GSMF_CGD_Pk_7p_emuvar started Thu Aug  6 20:10:21 CDT 2026 (NWORKERS=8) ===
=== Trial: GSMF_CGD_Pk_7p_emuvar ===
Building targets and likelihoods...
  target[0]: KiDS-Legacy nz3 -> PmLikelihood
    [gsmf_cgd_target] GSMF: 7 obs points, model x_grid (16,)  [+emu variance]
  target[1]: GSMF -> ObsLikelihood
    [gsmf_cgd_target] CGD: 8 obs points, model x_grid (19,)  [+emu variance]
  target[2]: CGD -> ObsLikelihood
Free parameters (7):
  $\kappa_\text{w}$              init=3.0000 range=[2.0000, 4.0000]
  $e_\text{w}$                   init=0.6000 range=[0.2000, 1.0000]
  $M_\text{seed}/10^{6}$         init=1.3000 range=[0.6000, 2.0000]
  $v_\text{kin}/10^{4}$          init=0.6500 range=[0.1000, 1.2000]
  $\epsilon_\text{kin}/10^{1}$   init=0.6100 range=[0.0200, 1.2000]
  $\Omega_\text{m}$              init=0.1375 range=[0.1200, 0.1550]
  $\sigma_8$                     init=0.8000 range=[0.7000, 0.9000]
Fixed parameters: {}

ln_prob at init point: -298.5938

MCMC: ndim=7, nwalkers=400, nburn=500, nrun=4000
time (minutes): 26.25817230542501
Burn-in phase
time (minutes): 192.47519074281055
Sampling phase

=== Results saved ===
  /home/nramachandra/Projects/Hydro_runs/CosmoHydro/Inference_cosmo/results/samples_GSMF_CGD_Pk_7p_emuvar.npy
  mean acceptance fraction: 0.241
mcmc results: 3.1981626616845316 0.534048354819052 1.1637968081786767 1.037039575670844 0.28074268537391794 0.1519598534451743 0.8123096023466554

MCMC medians:
  $\kappa_\text{w}$              = 3.1982
  $e_\text{w}$                   = 0.5340
  $M_\text{seed}/10^{6}$         = 1.1638
  $v_\text{kin}/10^{4}$          = 1.0370
  $\epsilon_\text{kin}/10^{1}$   = 0.2807
  $\Omega_\text{m}$              = 0.1520
  $\sigma_8$                     = 0.8123
=== GSMF_CGD_Pk_7p_emuvar done Thu Aug  6 23:49:19 CDT 2026 ===
