=== GSMF_CGD_Pk_7p_cal2 started Sun Aug  9 01:39:32 CDT 2026 (NWORKERS=12) ===
=== Trial: GSMF_CGD_Pk_7p_cal2 ===
Building targets and likelihoods...
  target[0]: KiDS-Legacy nz3 -> PmLikelihood
    [gsmf_cgd_target] GSMF yerr -> 10^phi space (x ln10*10^phi)
    [gsmf_cgd_target] GSMF: 7 obs points, model x_grid (16,)  [+emu variance]
  target[1]: GSMF -> ObsLikelihood
    [gsmf_cgd_target] CGD yerr -> inter-survey (McD17/X-COP/eROSITA) + err-on-mean, frac 0.050-0.260
    [gsmf_cgd_target] CGD: 8 obs points, model x_grid (19,)  [+emu variance]
  target[2]: CGD -> ObsLikelihood
Free parameters (7):
  $\kappa_\text{w}$              init=3.0000 range=[2.0000, 4.0000]
  $e_\text{w}$                   init=0.6000 range=[0.2000, 1.0000]
  $M_\text{seed}/10^{6}$         init=1.3000 range=[0.6000, 2.0000]
  $v_\text{kin}/10^{4}$          init=0.6500 range=[0.1000, 1.2000]
  $\epsilon_\text{kin}/10^{1}$   init=0.6100 range=[0.0200, 1.2000]
  $\Omega_\text{m}$              init=0.1375 range=[0.1200, 0.1550]
  $\sigma_8$                     init=0.8000 range=[0.7000, 0.9000]
Fixed parameters: {}

ln_prob at init point: -153.1818

MCMC: ndim=7, nwalkers=400, nburn=500, nrun=4000
time (minutes): 17.85971505244573
Burn-in phase
time (minutes): 137.12288775841395
Sampling phase

=== Results saved ===
  /home/nramachandra/Projects/Hydro_runs/CosmoHydro/Inference_cosmo/results/samples_GSMF_CGD_Pk_7p_cal2.npy
  mean acceptance fraction: 0.254
mcmc results: 2.7739901351884413 0.5528079766905293 0.877301253097917 0.909049517006173 0.8854423826486763 0.15025120653868287 0.826237641058781

MCMC medians:
  $\kappa_\text{w}$              = 2.7740
  $e_\text{w}$                   = 0.5528
  $M_\text{seed}/10^{6}$         = 0.8773
  $v_\text{kin}/10^{4}$          = 0.9090
  $\epsilon_\text{kin}/10^{1}$   = 0.8854
  $\Omega_\text{m}$              = 0.1503
  $\sigma_8$                     = 0.8262
=== GSMF_CGD_Pk_7p_cal2 done Sun Aug  9 04:14:46 CDT 2026 ===
