=== Trial: GSMF_CGD_2cosmo_hydA_wide ===
  GSMF  z=0.0
  CGD  z=0.0
Design matrix: 109 simulations, 7 parameters
  [gaussian_priors] omega_m (idx 0): N(mu=0.14176, sigma=0.005) truncated to design range
  [gaussian_priors] sigma_8 (idx 1): N(mu=0.8102, sigma=0.03) truncated to design range
Free parameters (2):
  $\Omega_\text{m}$               init=0.1375  range=[0.1200, 0.1550]
  $\sigma_8$                      init=0.8000  range=[0.7000, 0.9000]
Fixed parameters: {'$\\kappa_\\text{w}$': 3.2909, '$e_\\text{w}$': 0.4769, '$M_\\text{seed}/10^{6}$': 1.1914, '$v_\\text{kin}/10^{4}$': 1.1395, '$\\epsilon_\\text{kin}/10^{1}$': 0.2325}

Loading GSMF (z=0.0)...
  y_vals shape: (109, 16), y_ind shape: (16,)
  Obs data: 7 points

Loading CGD (z=0.0)...
  y_vals shape: (109, 19), y_ind shape: (19,)
  Obs data: 8 points

Test theta: [0.1375 0.8   ]
ln_prior = 0.0000
  LL(GSMF, z=0.0) = -37.4554
  LL(CGD, z=0.0) = -40.4950

MCMC: ndim=2, nwalkers=400, nburn=100, nrun=4000
time (minutes): 2.4813469767570497
Burn-in phase
time (minutes): 92.41479144891103
Sampling phase

=== Results saved ===
  Samples:     /home/nramachandra/Projects/Hydro_runs/CosmoHydro/Inference/results/samples_GSMF_CGD_2cosmo_hydA_wide.npy
  Params list: /home/nramachandra/Projects/Hydro_runs/CosmoHydro/Inference/results/params_list_GSMF_CGD_2cosmo_hydA_wide.npy
  Config copy: /home/nramachandra/Projects/Hydro_runs/CosmoHydro/Inference/results/config_GSMF_CGD_2cosmo_hydA_wide.yaml
mcmc results: 0.14386412576935564 0.8044981333006398

MCMC median results:
  $\Omega_\text{m}$               = 0.1439
  $\sigma_8$                      = 0.8045
