=== Trial: GSMF_CGD_2cosmo_wide ===
  GSMF  z=0.0
  CGD  z=0.0
Design matrix: 109 simulations, 7 parameters
  [gaussian_priors] omega_m (idx 0): N(mu=0.14176, sigma=0.005) truncated to design range
  [gaussian_priors] sigma_8 (idx 1): N(mu=0.8102, sigma=0.03) truncated to design range
Free parameters (2):
  $\Omega_\text{m}$               init=0.1375  range=[0.1200, 0.1550]
  $\sigma_8$                      init=0.8000  range=[0.7000, 0.9000]
Fixed parameters: {'$\\kappa_\\text{w}$': 3.0, '$e_\\text{w}$': 0.5, '$M_\\text{seed}/10^{6}$': 0.8, '$v_\\text{kin}/10^{4}$': 0.51, '$\\epsilon_\\text{kin}/10^{1}$': 0.13}

Loading GSMF (z=0.0)...
  y_vals shape: (109, 16), y_ind shape: (16,)
  Obs data: 7 points

Loading CGD (z=0.0)...
  y_vals shape: (109, 19), y_ind shape: (19,)
  Obs data: 8 points

Test theta: [0.1375 0.8   ]
ln_prior = 0.0000
  LL(GSMF, z=0.0) = -603.3261
  LL(CGD, z=0.0) = -196.1495

MCMC: ndim=2, nwalkers=400, nburn=100, nrun=4000
time (minutes): 2.5004735827445983
Burn-in phase
time (minutes): 91.07803512016932
Sampling phase

=== Results saved ===
  Samples:     /home/nramachandra/Projects/Hydro_runs/CosmoHydro/Inference/results/samples_GSMF_CGD_2cosmo_wide.npy
  Params list: /home/nramachandra/Projects/Hydro_runs/CosmoHydro/Inference/results/params_list_GSMF_CGD_2cosmo_wide.npy
  Config copy: /home/nramachandra/Projects/Hydro_runs/CosmoHydro/Inference/results/config_GSMF_CGD_2cosmo_wide.yaml
mcmc results: 0.15465329323001997 0.7257959733520625

MCMC median results:
  $\Omega_\text{m}$               = 0.1547
  $\sigma_8$                      = 0.7258
