=== Trial: GSMF_7p ===
  GSMF  z=0.0
Design matrix: 109 simulations, 7 parameters
  [gaussian_priors] omega_m (idx 5): N(mu=0.14176, sigma=0.005) truncated to design range
  [gaussian_priors] sigma_8 (idx 6): N(mu=0.8102, sigma=0.03) truncated to design range
Free parameters (7):
  $\kappa_\text{w}$               init=3.0000  range=[2.0000, 4.0000]
  $e_\text{w}$                    init=0.6000  range=[0.2000, 1.0000]
  $M_\text{seed}/10^{6}$          init=1.3000  range=[0.6000, 2.0000]
  $v_\text{kin}/10^{4}$           init=0.6500  range=[0.1000, 1.2000]
  $\epsilon_\text{kin}/10^{1}$    init=0.6100  range=[0.0200, 1.2000]
  $\Omega_\text{m}$               init=0.1375  range=[0.1200, 0.1550]
  $\sigma_8$                      init=0.8000  range=[0.7000, 0.9000]

Loading GSMF (z=0.0)...
  y_vals shape: (109, 16), y_ind shape: (16,)
  Obs data: 7 points

Test theta: [3.     0.6    1.3    0.65   0.61   0.1375 0.8   ]
ln_prior = 4.7413
  LL(GSMF, z=0.0) = -282.7854

MCMC: ndim=7, nwalkers=400, nburn=100, nrun=4000
