=== Trial: GSMF_CGD_fGas_2cosmo ===
  GSMF  z=0.0
  CGD  z=0.0
  fGas  z=0.0
Design matrix: 109 simulations, 7 parameters
  [gaussian_priors] omega_m (idx 0): N(mu=0.14176, sigma=0.005) truncated to design range
  [gaussian_priors] sigma_8 (idx 1): N(mu=0.8102, sigma=0.03) truncated to design range
Free parameters (2):
  $\Omega_\text{m}$               init=0.1375  range=[0.1200, 0.1550]
  $\sigma_8$                      init=0.8000  range=[0.7000, 0.9000]
Fixed parameters: {'$\\kappa_\\text{w}$': 3.0, '$e_\\text{w}$': 0.6, '$M_\\text{seed}/10^{6}$': 1.3, '$v_\\text{kin}/10^{4}$': 0.65, '$\\epsilon_\\text{kin}/10^{1}$': 0.61}

Loading GSMF (z=0.0)...
  y_vals shape: (109, 16), y_ind shape: (16,)
  Obs data: 7 points

Loading CGD (z=0.0)...
  y_vals shape: (109, 19), y_ind shape: (19,)
  Obs data: 8 points

Loading fGas (z=0.0)...
  y_vals shape: (109, 3), y_ind shape: (3,)
  Obs data: 4 points

Test theta: [0.1375 0.8   ]
ln_prior = 6.5462
  LL(GSMF, z=0.0) = -282.7854
  LL(CGD, z=0.0) = -74.2336
  LL(fGas, z=0.0) = -47.5735

MCMC: ndim=2, nwalkers=400, nburn=100, nrun=4000
