=== GSMF_CGD_7p_wide (flat cosmo prior) started Sat Aug  1 20:20:23 CDT 2026 ===
=== Trial: GSMF_CGD_7p_wide ===
  GSMF  z=0.0
  CGD  z=0.0
Design matrix: 109 simulations, 7 parameters
  [gaussian_priors] omega_m (idx 5): N(mu=0.14176, sigma=0.005) truncated to design range
  [gaussian_priors] sigma_8 (idx 6): N(mu=0.8102, sigma=0.03) truncated to design range
Free parameters (7):
  $\kappa_\text{w}$               init=3.0000  range=[2.0000, 4.0000]
  $e_\text{w}$                    init=0.6000  range=[0.2000, 1.0000]
  $M_\text{seed}/10^{6}$          init=1.3000  range=[0.6000, 2.0000]
  $v_\text{kin}/10^{4}$           init=0.6500  range=[0.1000, 1.2000]
  $\epsilon_\text{kin}/10^{1}$    init=0.6100  range=[0.0200, 1.2000]
  $\Omega_\text{m}$               init=0.1375  range=[0.1200, 0.1550]
  $\sigma_8$                      init=0.8000  range=[0.7000, 0.9000]

Loading GSMF (z=0.0)...
  y_vals shape: (109, 16), y_ind shape: (16,)
  Obs data: 7 points

Loading CGD (z=0.0)...
  y_vals shape: (109, 19), y_ind shape: (19,)
  Obs data: 8 points

Test theta: [3.     0.6    1.3    0.65   0.61   0.1375 0.8   ]
ln_prior = -1.8050
  LL(GSMF, z=0.0) = -282.7854
  LL(CGD, z=0.0) = -74.2336

MCMC: ndim=7, nwalkers=400, nburn=100, nrun=4000
time (minutes): 2.393609309196472
Burn-in phase
time (minutes): 89.2866274992625
Sampling phase

=== Results saved ===
  Samples:     /home/nramachandra/Projects/Hydro_runs/CosmoHydro/Inference/results/samples_GSMF_CGD_7p_wide.npy
  Params list: /home/nramachandra/Projects/Hydro_runs/CosmoHydro/Inference/results/params_list_GSMF_CGD_7p_wide.npy
  Config copy: /home/nramachandra/Projects/Hydro_runs/CosmoHydro/Inference/results/config_GSMF_CGD_7p_wide.yaml
mcmc results: 3.20970628495272 0.5993898701103566 1.1581127875629478 0.6975024473175611 0.27714380235838226 0.15459212477390208 0.8539780284142944

MCMC median results:
  $\kappa_\text{w}$               = 3.2097
  $e_\text{w}$                    = 0.5994
  $M_\text{seed}/10^{6}$          = 1.1581
  $v_\text{kin}/10^{4}$           = 0.6975
  $\epsilon_\text{kin}/10^{1}$    = 0.2771
  $\Omega_\text{m}$               = 0.1546
  $\sigma_8$                      = 0.8540
=== done Sat Aug  1 21:52:07 CDT 2026 ===
