=== Trial: GSMF_CGD_2cosmo_hydB_wide ===
  GSMF  z=0.0
  CGD  z=0.0
Design matrix: 109 simulations, 7 parameters
  [gaussian_priors] omega_m (idx 0): N(mu=0.14176, sigma=0.005) truncated to design range
  [gaussian_priors] sigma_8 (idx 1): N(mu=0.8102, sigma=0.03) truncated to design range
Free parameters (2):
  $\Omega_\text{m}$               init=0.1375  range=[0.1200, 0.1550]
  $\sigma_8$                      init=0.8000  range=[0.7000, 0.9000]
Fixed parameters: {'$\\kappa_\\text{w}$': 3.3259, '$e_\\text{w}$': 0.4734, '$M_\\text{seed}/10^{6}$': 1.1765, '$v_\\text{kin}/10^{4}$': 1.0915, '$\\epsilon_\\text{kin}/10^{1}$': 0.2383}

Loading GSMF (z=0.0)...
  y_vals shape: (109, 16), y_ind shape: (16,)
  Obs data: 7 points

Loading CGD (z=0.0)...
  y_vals shape: (109, 19), y_ind shape: (19,)
  Obs data: 8 points

Test theta: [0.1375 0.8   ]
ln_prior = 0.0000
  LL(GSMF, z=0.0) = -39.4117
  LL(CGD, z=0.0) = -39.8120

MCMC: ndim=2, nwalkers=400, nburn=100, nrun=4000
time (minutes): 2.529367236296336
Burn-in phase
time (minutes): 92.2049190680186
Sampling phase

=== Results saved ===
  Samples:     /home/nramachandra/Projects/Hydro_runs/CosmoHydro/Inference/results/samples_GSMF_CGD_2cosmo_hydB_wide.npy
  Params list: /home/nramachandra/Projects/Hydro_runs/CosmoHydro/Inference/results/params_list_GSMF_CGD_2cosmo_hydB_wide.npy
  Config copy: /home/nramachandra/Projects/Hydro_runs/CosmoHydro/Inference/results/config_GSMF_CGD_2cosmo_hydB_wide.yaml
mcmc results: 0.14394707940643484 0.8045635537349436

MCMC median results:
  $\Omega_\text{m}$               = 0.1439
  $\sigma_8$                      = 0.8046
